C51 COMPILER V9.60.0.0   MAIN                                                              10/01/2020 01:26:44 PAGE 1   


C51 COMPILER V9.60.0.0, COMPILATION OF MODULE MAIN
OBJECT MODULE PLACED IN .\Objects\main.obj
COMPILER INVOKED BY: C:\KEIL\KEIL-CODE\C51\BIN\C51.EXE main.c OPTIMIZE(8,SPEED) BROWSE DEBUG OBJECTEXTEND PRINT(.\Listin
                    -gs\main.lst) TABS(3) OBJECT(.\Objects\main.obj)

line level    source

   1          #include <STC89C5XRC.H>
   2          #include <intrins.h>
   3          #include <math.h>
   4          #include "MenYuhan_Drivers_STC89.h"
   5          
   6          
   7          
   8          
   9          //#include"timer0_interrupt_1.h"
  10          
  11          void main()
  12          {
  13   1         STC89_TX_1C_Board_IO_Base_Init();
  14   1      
  15   1         T0_Init(50000);
  16   1         TR0 = 1;
  17   1         DigitalTube_Display_1bit(6, 0);
  18   1         
  19   1      
  20   1         //wx = 1;
  21   1         //P0 = 0XC0;
  22   1         //wx = 0;
  23   1         //dx = 1;
  24   1         //P0 = duanxuan[0];
  25   1         //dx = 0;
  26   1      
  27   1         while (1)
  28   1         {
  29   2            if (n == 20)
  30   2            {
  31   3               n = 0;
  32   3               i++;
  33   3               if (i == 16)
  34   3                  i = 0;
  35   3               dx = 1;
  36   3               P0 = duanxuan[i];
  37   3               dx = 0;
  38   3            }
  39   2         }
  40   1      }


MODULE INFORMATION:   STATIC OVERLAYABLE
   CODE SIZE        =   1588    ----
   CONSTANT SIZE    =     24    ----
   XDATA SIZE       =   ----    ----
   PDATA SIZE       =   ----    ----
   DATA SIZE        =     28      25
   IDATA SIZE       =   ----    ----
   BIT SIZE         =   ----    ----
END OF MODULE INFORMATION.


C51 COMPILATION COMPLETE.  0 WARNING(S),  0 ERROR(S)
